# serializer version: 1
# name: test_render_json_document_when_rendered_does_match_its_golden[compare]
  list([
    '{',
    '  "schema_version": 1,',
    '  "baseline": "main",',
    '  "candidates": [',
    '    "perf/faster-decode"',
    '  ],',
    '  "samples": 10,',
    '  "adapter": "mitata",',
    '  "metrics": {',
    '    "entity/alive_check#time": {',
    '      "unit": "ns",',
    '      "direction": "lower",',
    '      "gating": true,',
    '      "kind": "time",',
    '      "group": "entity",',
    '      "baseline": {',
    '        "median": 100.0,',
    '        "spread_pct": 1.0',
    '      },',
    '      "candidates": [',
    '        {',
    '          "label": "perf/faster-decode",',
    '          "median": 90.0,',
    '          "spread_pct": 1.0,',
    '          "verdict": "improved",',
    '          "method": "permutation",',
    '          "delta": -10,',
    '          "noise_pct": 2.5,',
    '          "p": 0.01,',
    '          "band": null',
    '        }',
    '      ]',
    '    },',
    '    "entity/spawn#time": {',
    '      "unit": "ns",',
    '      "direction": "lower",',
    '      "gating": true,',
    '      "kind": "time",',
    '      "group": "entity",',
    '      "baseline": {',
    '        "median": 100.0,',
    '        "spread_pct": 1.0',
    '      },',
    '      "candidates": [',
    '        {',
    '          "label": "perf/faster-decode",',
    '          "median": 104.0,',
    '          "spread_pct": 1.0,',
    '          "verdict": "regressed",',
    '          "method": "permutation",',
    '          "delta": 4,',
    '          "noise_pct": 2.5,',
    '          "p": 0.01,',
    '          "band": null',
    '        }',
    '      ]',
    '    },',
    '    "warmup#time": {',
    '      "unit": "ns",',
    '      "direction": "lower",',
    '      "gating": true,',
    '      "kind": "time",',
    '      "group": null,',
    '      "baseline": {',
    '        "median": 100.0,',
    '        "spread_pct": 1.0',
    '      },',
    '      "candidates": [',
    '        {',
    '          "label": "perf/faster-decode",',
    '          "median": 100.29999999999998,',
    '          "spread_pct": 1.0,',
    '          "verdict": "no-signal",',
    '          "method": "permutation",',
    '          "delta": 0.3,',
    '          "noise_pct": 2.5,',
    '          "p": 0.01,',
    '          "band": null',
    '        }',
    '      ]',
    '    },',
    '    "encode#memory": {',
    '      "unit": "bytes",',
    '      "direction": "lower",',
    '      "gating": false,',
    '      "kind": "memory",',
    '      "group": null,',
    '      "baseline": {',
    '        "median": 100.0,',
    '        "spread_pct": 1.0',
    '      },',
    '      "candidates": [',
    '        {',
    '          "label": "perf/faster-decode",',
    '          "median": 93.0,',
    '          "spread_pct": 1.0,',
    '          "verdict": "improved",',
    '          "method": "permutation",',
    '          "delta": -7,',
    '          "noise_pct": 2.5,',
    '          "p": 0.01,',
    '          "band": null',
    '        }',
    '      ]',
    '    }',
    '  },',
    '  "per_candidate": [',
    '    {',
    '      "label": "perf/faster-decode",',
    '      "kinds": [',
    '        {',
    '          "kind": "time",',
    '          "has_gating": true,',
    '          "geomean": {',
    '            "value": -3.2,',
    '            "n": 3,',
    '            "band": 2,',
    '            "excluded": []',
    '          },',
    '          "groups": [',
    '            {',
    '              "group": "entity",',
    '              "geomean": {',
    '                "value": -3.1,',
    '                "n": 2,',
    '                "band": 1.5,',
    '                "excluded": []',
    '              }',
    '            }',
    '          ],',
    '          "gated_geomean": {',
    '            "value": -3.2,',
    '            "n": 3,',
    '            "band": 2,',
    '            "excluded": []',
    '          }',
    '        },',
    '        {',
    '          "kind": "memory",',
    '          "has_gating": false,',
    '          "geomean": {',
    '            "value": -7,',
    '            "n": 1,',
    '            "band": 0.0,',
    '            "excluded": []',
    '          },',
    '          "groups": [],',
    '          "gated_geomean": null',
    '        }',
    '      ],',
    '      "verdict_counts": {',
    '        "improved": 2,',
    '        "regressed": 1,',
    '        "unstable": 0,',
    '        "no_signal": 1',
    '      }',
    '    }',
    '  ],',
    '  "worktrees": {',
    '    "removed": 0,',
    '    "left_behind": [],',
    '    "prune_error": null',
    '  }',
    '}',
  ])
# ---
# name: test_render_json_document_when_rendered_does_match_its_golden[measure]
  list([
    '{',
    '  "schema_version": 1,',
    '  "label": "main",',
    '  "samples": 10,',
    '  "adapter": "mitata",',
    '  "metrics": {',
    '    "entity/alive_check#time": {',
    '      "median": 100.0,',
    '      "spread_pct": 1.0,',
    '      "unit": "ns",',
    '      "direction": "lower",',
    '      "gating": true,',
    '      "exact": false,',
    '      "kind": "time",',
    '      "group": "entity"',
    '    },',
    '    "entity/spawn#time": {',
    '      "median": 104,',
    '      "spread_pct": 1.0,',
    '      "unit": "ns",',
    '      "direction": "lower",',
    '      "gating": true,',
    '      "exact": false,',
    '      "kind": "time",',
    '      "group": "entity"',
    '    },',
    '    "warmup#time": {',
    '      "median": 100.0,',
    '      "spread_pct": 1.0,',
    '      "unit": "ns",',
    '      "direction": "lower",',
    '      "gating": true,',
    '      "exact": false,',
    '      "kind": "time",',
    '      "group": null',
    '    },',
    '    "encode#memory": {',
    '      "median": 93,',
    '      "spread_pct": 1.0,',
    '      "unit": "bytes",',
    '      "direction": "lower",',
    '      "gating": false,',
    '      "exact": false,',
    '      "kind": "memory",',
    '      "group": null',
    '    }',
    '  },',
    '  "worktrees": {',
    '    "removed": 0,',
    '    "left_behind": [],',
    '    "prune_error": null',
    '  }',
    '}',
  ])
# ---
# name: test_render_json_document_when_rendered_does_match_its_golden[probe]
  list([
    '{',
    '  "schema_version": 1,',
    '  "label": "experiment",',
    '  "samples": 6,',
    '  "adapter": "mitata",',
    '  "scoped": false,',
    '  "names": [],',
    '  "metrics": {',
    '    "total_ns": {',
    '      "median": 90.0,',
    '      "spread": 2.0,',
    '      "reference_median": 100.0,',
    '      "delta_pct": -10.0',
    '    },',
    '    "cold_start_ns": {',
    '      "median": 90.0,',
    '      "spread": 2.0,',
    '      "reference_median": null,',
    '      "delta_pct": null',
    '    }',
    '  }',
    '}',
  ])
# ---
