# serializer version: 1
# name: test_render_report_when_rendered_does_match_its_golden[flat-degenerate-plain]
  list([
    'gymrat compare · baseline main ↔ perf/faster-decode · 4 paired samples · adapter: metric-lines',
    'metric                    │ main         │ perf/faster-decode │ vs main',
    '──────────────────────────┼──────────────┼────────────────────┼─────────────',
    'zero-median/time          │   0ns        │  0ns               │ ~    0.0%',
    'nan-delta/count           │     0        │  120               │ ~',
    'old-side-only/time        │ 2.0µs ± 2%   │                    │',
    'throughput/ops            │  1200 ± 5%   │ 1560 ± 4%          │ ?  +30.0%',
    '──────────────────────────┼──────────────┼────────────────────┼─────────────',
    'geomean (1 stable metric) │              │                    │      0.0%',
    '',
    '✓ 0 improved   ✗ 0 regressed   ≈ 0 unstable   = 0 identical   ~ 2 within noise   ? 1 inconclusive',
    '',
    're-run with gymrat compare --samples 6 or more for statistical verdicts',
    '1 worktree removed · 1 left behind',
    '  left behind: /tmp/gymrat-abc123 (contains modified files)',
    '  worktree prune failed: could not lock config file',
  ])
# ---
# name: test_render_report_when_rendered_does_match_its_golden[flat-grouped-colored]
  list([
    '\x1b[1mgymrat compare\x1b[0m \x1b[2m·\x1b[0m baseline \x1b[1;4mmain\x1b[0m ↔ \x1b[1;4mperf/faster-decode\x1b[0m \x1b[2m·\x1b[0m 10 paired samples \x1b[2m·\x1b[0m adapter: mitata',
    'metric                     │ \x1b[1;4mmain\x1b[0m         │ \x1b[1;4mperf/faster-decode\x1b[0m │ vs \x1b[1;4mmain\x1b[0m',
    '───────────────────────────┼──────────────┼────────────────────┼─────────────────',
    '\x1b[1;34mentity · time\x1b[0m              │              │                    │',
    '  alive_check              │ 100ns ± 1%   │  90ns ± 1%         │ \x1b[32m✓\x1b[0m  -10.0%  \x1b[2m±2.5%\x1b[0m',
    '  spawn                    │ 100ns ± 1%   │ 104ns ± 1%         │ \x1b[31m✗\x1b[0m   +4.0%  \x1b[2m±2.5%\x1b[0m',
    '───────────────────────────┼──────────────┼────────────────────┼─────────────────',
    '\x1b[1mgeomean (2 stable metrics)\x1b[0m │              │                    │     \x1b[1;32m-3.2%\x1b[0m',
    '',
    '✓ \x1b[32m1\x1b[0m improved   ✗ \x1b[31m1\x1b[0m regressed   \x1b[2m≈ 0 unstable\x1b[0m   \x1b[2m= 0 identical\x1b[0m   \x1b[2m~ 0 within noise\x1b[0m   \x1b[2m? 0 inconclusive\x1b[0m',
    '',
    '\x1b[1mhighlights\x1b[0m',
    '  \x1b[31m✗\x1b[0m \x1b[2mentity/\x1b[0mspawn\x1b[2m#time\x1b[0m         \x1b[31m+4.0%\x1b[0m',
    '  \x1b[32m✓\x1b[0m \x1b[2mentity/\x1b[0malive_check\x1b[2m#time\x1b[0m  \x1b[32m-10.0%\x1b[0m',
  ])
# ---
# name: test_render_report_when_rendered_does_match_its_golden[flat-grouped-plain]
  list([
    'gymrat compare · baseline main ↔ perf/faster-decode · 10 paired samples · adapter: mitata',
    'metric                     │ main         │ perf/faster-decode │ vs main',
    '───────────────────────────┼──────────────┼────────────────────┼─────────────────',
    'entity · time              │              │                    │',
    '  alive_check              │ 100ns ± 1%   │  90ns ± 1%         │ ✓  -10.0%  ±2.5%',
    '  spawn                    │ 100ns ± 1%   │ 104ns ± 1%         │ ✗   +4.0%  ±2.5%',
    '───────────────────────────┼──────────────┼────────────────────┼─────────────────',
    'geomean (2 stable metrics) │              │                    │     -3.2%',
    '',
    '✓ 1 improved   ✗ 1 regressed   ≈ 0 unstable   = 0 identical   ~ 0 within noise   ? 0 inconclusive',
    '',
    'highlights',
    '  ✗ entity/spawn#time         +4.0%',
    '  ✓ entity/alive_check#time  -10.0%',
  ])
# ---
# name: test_render_report_when_rendered_does_match_its_golden[flat-mixed-methods-plain]
  list([
    'gymrat compare · baseline main ↔ perf/faster-decode · 10 paired samples · adapter: mitata',
    'metric                      │ main         │ perf/faster-decode │ vs main',
    '────────────────────────────┼──────────────┼────────────────────┼─────────────────',
    'latency#other               │   100 ± 1%   │   90 ± 1%          │ ✓  -10.0%  ±2.5%',
    'heap#other                  │ 1.0KB        │ 950B               │ ✓   -5.0%',
    'flaky#other                 │   100 ± 1%   │  150 ± 1%          │ ≈  unstable',
    '────────────────────────────┼──────────────┼────────────────────┼─────────────────',
    'geomean (10 stable metrics) │              │                    │     -5.8%',
    '',
    '✓ 2 improved   ✗ 0 regressed   ≈ 1 unstable   = 0 identical   ~ 0 within noise   ? 0 inconclusive',
    '',
    'highlights',
    '  ✓ latency#other  -10.0%',
    '  ✓ heap#other      -5.0%  (exact)',
    '  ≈ flaky#other    unstable  noise ±2.5%',
    "  unstable metrics won't stabilize with more samples",
  ])
# ---
# name: test_render_report_when_rendered_does_match_its_golden[flat-no-stable-metrics-plain]
  list([
    'gymrat compare · baseline main ↔ perf/faster-decode · 10 paired samples · adapter: mitata',
    'informational — gating off',
    'metric           │ main         │ perf/faster-decode │ vs main',
    '─────────────────┼──────────────┼────────────────────┼─────────────────────',
    'warmup#time      │ 100ns ± 1%   │ 90ns ± 1%          │ ✓  -10.0%  ±2.5%',
    '─────────────────┼──────────────┼────────────────────┼─────────────────────',
    'geomean          │              │                    │ —  no stable metrics',
    '',
    '✓ 1 improved   ✗ 0 regressed   ≈ 0 unstable   = 0 identical   ~ 0 within noise   ? 0 inconclusive',
    '',
    'highlights',
    '  ✓ warmup#time  -10.0%',
  ])
# ---
# name: test_render_report_when_rendered_does_match_its_golden[flat-two-candidates-no-stable-metrics-plain]
  list([
    'gymrat compare · baseline main ↔ candidate-a, candidate-b · 10 paired samples · adapter: mitata',
    'informational — gating off',
    'metric           │ main         │ candidate-a          │ candidate-b',
    '─────────────────┼──────────────┼──────────────────────┼─────────────────────',
    'warmup#time      │ 100ns ± 1%   │ 90ns ± 1%  ✓  -10.0% │ 104ns ± 1%  ✗  +4.0%',
    '─────────────────┼──────────────┼──────────────────────┼─────────────────────',
    'geomean          │              │ —  no stable metrics │ —  no stable metrics',
    '',
    'candidate-a  ✓ 1 improved   ✗ 0 regressed   ≈ 0 unstable   = 0 identical   ~ 0 within noise   ? 0 inconclusive',
    'candidate-b  ✓ 0 improved   ✗ 1 regressed   ≈ 0 unstable   = 0 identical   ~ 0 within noise   ? 0 inconclusive',
    '',
    'highlights',
    '  candidate-a',
    '    ✓ warmup#time  -10.0%',
    '  candidate-b',
    '    ✗ warmup#time   +4.0%',
  ])
# ---
# name: test_render_report_when_rendered_does_match_its_golden[flat-two-candidates-plain]
  list([
    'gymrat compare · baseline main ↔ perf/simd-decode, perf/lut-decode · 10 paired samples · adapter: mitata',
    'metric                  │ main         │ perf/simd-decode          │ perf/lut-decode',
    '────────────────────────┼──────────────┼───────────────────────────┼──────────────────────────────',
    'decode/text=digits#time │  1.7µs ± 1%  │  1.4µs ± 1%  ✓  -17.9%    │ 1.7µs ±  2%  ~  -2.1%',
    'encode#time             │  914ns ± 1%  │  934ns ± 1%  ✗   +2.2%    │ 1.2µs ± 12%  ?  unstable  n=4',
    'encode#heap             │ 49.2KB ± 0%  │ 45.3KB ± 0%  ✓   -7.9%    │',
    '────────────────────────┼──────────────┼───────────────────────────┼──────────────────────────────',
    'geomean                 │              │ -12.4% · 3 stable metrics │ +1.2% · 2 stable metrics',
    '',
    'perf/simd-decode  ✓ 2 improved   ✗ 1 regressed   ≈ 0 unstable   = 0 identical   ~ 0 within noise   ? 0 inconclusive',
    'perf/lut-decode   ✓ 0 improved   ✗ 0 regressed   ≈ 0 unstable   = 0 identical   ~ 1 within noise   ? 1 inconclusive',
    '',
    'highlights',
    '  perf/simd-decode',
    '    ✗ encode#time               +2.2%',
    '    ✓ decode/text=digits#time  -17.9%',
    '    ✓ encode#heap               -7.9%  (exact)',
    '',
    'some rounds were dropped — not all samples produced paired measurements for every metric',
  ])
# ---
# name: test_render_report_when_rendered_does_match_its_golden[sectioned-multi-candidate-colored]
  list([
    '\x1b[1mgymrat compare\x1b[0m \x1b[2m·\x1b[0m baseline \x1b[1;4mmain\x1b[0m ↔ \x1b[1;4mcandidate-a\x1b[0m, \x1b[1;4mcandidate-b\x1b[0m \x1b[2m·\x1b[0m 10 paired samples \x1b[2m·\x1b[0m adapter: mitata',
    '',
    '─────────────────┬──────────────┬──────────────────────────┬────────────────────────',
    '\x1b[1mtime\x1b[0m             │ \x1b[1;4mmain\x1b[0m         │ \x1b[1;4mcandidate-a\x1b[0m              │ \x1b[1;4mcandidate-b\x1b[0m',
    '─────────────────┼──────────────┼──────────────────────────┼────────────────────────',
    '\x1b[1;34mentity\x1b[0m           │              │                          │',
    '  alive_check    │ 100ns ± 1%   │ 90ns ± 1%  \x1b[32m✓\x1b[0m  \x1b[32m-10.0%\x1b[0m     │ 104ns ± 1%  \x1b[31m✗\x1b[0m  \x1b[31m+4.0%\x1b[0m',
    '\x1b[1mgeomean · entity\x1b[0m │              │ \x1b[1;32m-10.0%\x1b[0m · \x1b[2m1 stable metric\x1b[0m │ \x1b[1;31m+4.0%\x1b[0m · \x1b[2m1 stable metric\x1b[0m',
    '─────────────────┼──────────────┼──────────────────────────┼────────────────────────',
    '\x1b[1mgeomean · time\x1b[0m   │              │ \x1b[1;32m-10.0%\x1b[0m · \x1b[2m1 stable metric\x1b[0m │ \x1b[1;31m+4.0%\x1b[0m · \x1b[2m1 stable metric\x1b[0m',
    '',
    '\x1b[2minformational — gating off (config: kinds.memory.gating = false)\x1b[0m',
    '─────────────────┬──────────────┬──────────────────────────┬────────────────────────',
    '\x1b[1mmemory\x1b[0m           │ \x1b[1;4mmain\x1b[0m         │ \x1b[1;4mcandidate-a\x1b[0m              │ \x1b[1;4mcandidate-b\x1b[0m',
    '─────────────────┼──────────────┼──────────────────────────┼────────────────────────',
    'encode           │ 100ns ± 1%   │ 93ns ± 1%  \x1b[32m✓\x1b[0m   \x1b[32m-7.0%\x1b[0m     │  98ns ± 1%  \x1b[32m✓\x1b[0m  \x1b[32m-2.0%\x1b[0m',
    '─────────────────┼──────────────┼──────────────────────────┼────────────────────────',
    '\x1b[1mgeomean · memory\x1b[0m │              │ \x1b[1;32m-7.0%\x1b[0m · \x1b[2m1 stable metric\x1b[0m  │ \x1b[1;32m-2.0%\x1b[0m · \x1b[2m1 stable metric\x1b[0m',
    '',
    '\x1b[1mcandidate-a\x1b[0m  ✓ \x1b[32m2\x1b[0m improved   \x1b[2m✗ 0 regressed\x1b[0m   \x1b[2m≈ 0 unstable\x1b[0m   \x1b[2m= 0 identical\x1b[0m   \x1b[2m~ 0 within noise\x1b[0m   \x1b[2m? 0 inconclusive\x1b[0m',
    '\x1b[1mcandidate-b\x1b[0m  ✓ \x1b[32m1\x1b[0m improved   ✗ \x1b[31m1\x1b[0m regressed   \x1b[2m≈ 0 unstable\x1b[0m   \x1b[2m= 0 identical\x1b[0m   \x1b[2m~ 0 within noise\x1b[0m   \x1b[2m? 0 inconclusive\x1b[0m',
    '',
    '\x1b[1mhighlights\x1b[0m',
    '  \x1b[1mcandidate-a\x1b[0m',
    '    \x1b[32m✓\x1b[0m time · entity.alive_check  \x1b[32m-10.0%\x1b[0m',
    '    \x1b[32m✓\x1b[0m memory · encode             \x1b[32m-7.0%\x1b[0m',
    '  \x1b[1mcandidate-b\x1b[0m',
    '    \x1b[31m✗\x1b[0m time · entity.alive_check   \x1b[31m+4.0%\x1b[0m',
    '    \x1b[32m✓\x1b[0m memory · encode             \x1b[32m-2.0%\x1b[0m',
  ])
# ---
# name: test_render_report_when_rendered_does_match_its_golden[sectioned-multi-candidate-plain]
  list([
    'gymrat compare · baseline main ↔ candidate-a, candidate-b · 10 paired samples · adapter: mitata',
    '',
    '─────────────────┬──────────────┬──────────────────────────┬────────────────────────',
    'time             │ main         │ candidate-a              │ candidate-b',
    '─────────────────┼──────────────┼──────────────────────────┼────────────────────────',
    'entity           │              │                          │',
    '  alive_check    │ 100ns ± 1%   │ 90ns ± 1%  ✓  -10.0%     │ 104ns ± 1%  ✗  +4.0%',
    'geomean · entity │              │ -10.0% · 1 stable metric │ +4.0% · 1 stable metric',
    '─────────────────┼──────────────┼──────────────────────────┼────────────────────────',
    'geomean · time   │              │ -10.0% · 1 stable metric │ +4.0% · 1 stable metric',
    '',
    'informational — gating off (config: kinds.memory.gating = false)',
    '─────────────────┬──────────────┬──────────────────────────┬────────────────────────',
    'memory           │ main         │ candidate-a              │ candidate-b',
    '─────────────────┼──────────────┼──────────────────────────┼────────────────────────',
    'encode           │ 100ns ± 1%   │ 93ns ± 1%  ✓   -7.0%     │  98ns ± 1%  ✓  -2.0%',
    '─────────────────┼──────────────┼──────────────────────────┼────────────────────────',
    'geomean · memory │              │ -7.0% · 1 stable metric  │ -2.0% · 1 stable metric',
    '',
    'candidate-a  ✓ 2 improved   ✗ 0 regressed   ≈ 0 unstable   = 0 identical   ~ 0 within noise   ? 0 inconclusive',
    'candidate-b  ✓ 1 improved   ✗ 1 regressed   ≈ 0 unstable   = 0 identical   ~ 0 within noise   ? 0 inconclusive',
    '',
    'highlights',
    '  candidate-a',
    '    ✓ time · entity.alive_check  -10.0%',
    '    ✓ memory · encode             -7.0%',
    '  candidate-b',
    '    ✗ time · entity.alive_check   +4.0%',
    '    ✓ memory · encode             -2.0%',
  ])
# ---
# name: test_render_report_when_rendered_does_match_its_golden[sectioned-single-candidate-plain]
  list([
    'gymrat compare · baseline main ↔ perf/faster-decode · 10 paired samples · adapter: mitata',
    '',
    '─────────────────────┬──────────────┬────────────────────┬─────────────────',
    'time                 │ main         │ perf/faster-decode │ vs main',
    '─────────────────────┼──────────────┼────────────────────┼─────────────────',
    'entity               │              │                    │',
    '  alive_check        │ 100ns ± 1%   │  90ns ± 1%         │ ✓  -10.0%  ±2.5%',
    '  spawn              │ 100ns ± 1%   │ 104ns ± 1%         │ ✗   +4.0%  ±2.5%',
    'geomean · entity (2) │              │                    │     -3.1%  ±1.5%',
    '',
    'warmup               │ 100ns ± 1%   │ 100ns ± 1%         │ ~   +0.3%  ±2.5%',
    '─────────────────────┼──────────────┼────────────────────┼─────────────────',
    'geomean · time (3)   │              │                    │     -3.2%  ±2.0%',
    '',
    'informational — gating off (config: kinds.memory.gating = false)',
    '─────────────────────┬──────────────┬────────────────────┬─────────────────',
    'memory               │ main         │ perf/faster-decode │ vs main',
    '─────────────────────┼──────────────┼────────────────────┼─────────────────',
    'encode               │  100B ± 1%   │   93B ± 1%         │ ✓   -7.0%  ±2.5%',
    '─────────────────────┼──────────────┼────────────────────┼─────────────────',
    'geomean · memory (1) │              │                    │     -7.0%',
    '',
    '✓ 2 improved   ✗ 1 regressed   ≈ 0 unstable   = 0 identical   ~ 1 within noise   ? 0 inconclusive',
    '',
    'highlights',
    '  ✗ time · entity.spawn         +4.0%',
    '  ✓ time · entity.alive_check  -10.0%',
    '  ✓ memory · encode             -7.0%',
  ])
# ---
